// Jest Snapshot v1, https://goo.gl/fbAQLP

exports[`Range field should render 1`] = `
<DocumentFragment>
  <label
    for="input_accession"
  >
    UniProtKB AC
    <input
      id="input_accession"
      placeholder="P12345"
      type="text"
      value="Some term"
    />
  </label>
</DocumentFragment>
`;
