// Jest Snapshot v1, https://goo.gl/fbAQLP

exports[`AdvancedSearch shallow components should render 1`] = `
"<div className=\\"advanced-search\\">
  <div>
    <label htmlFor=\\"namespace-select\\">
      Searching in
      <select id=\\"namespace-select\\">
        <option>
          UniProtKB
        </option>
      </select>
    </label>
  </div>
  <ClauseList dispatchAddClause={[Function: mockConstructor]} dispatchSubmitQuery={[Function: mockConstructor]} dispatchFetchSearchTerms={[Function: mockConstructor]} dispatchfetchEvidencesIfNeeded={[Function: mockConstructor]} dispatchCopyQueryClausesToSearch={[Function: mockConstructor]} history={{...}} clauses={{...}} namespace=\\"UniProtKB\\" searchTerms={{...}} evidences={{...}} />
  <hr />
  <div>
    <button type=\\"button\\" id=\\"add-field\\" className=\\"button\\" onClick={[Function: mockConstructor]}>
      Add Field
    </button>
    <button type=\\"button\\" id=\\"submit-query\\" className=\\"button\\" onClick={[Function: bound handleSubmitClick]}>
      Search
    </button>
  </div>
</div>"
`;
