// Jest Snapshot v1, https://goo.gl/fbAQLP

exports[`Catalytic activity should render catalytic activity 1`] = `
<DocumentFragment>
  <h4>
    Catalytic Activity
  </h4>
  <p>
    <strong>
      EC:12112
    </strong>
     Reaction name
  </p>
</DocumentFragment>
`;
