// Jest Snapshot v1, https://goo.gl/fbAQLP

exports[`ProteinOverview component should render 1`] = `
<DocumentFragment>
  <div
    class="info-list"
  >
    <div
      class="info-list__item"
    >
      <div
        class="info-list__item__title"
      >
        Evidence
      </div>
      <div
        class="info-list__item__content"
      >
        IT exists
      </div>
    </div>
    <div
      class="info-list__item"
    >
      <div
        class="info-list__item__title"
      >
        Annotation score
      </div>
      <div
        class="info-list__item__content"
      >
        <div
          class="doughnut-chart--medium colour-light-grey"
        >
          <div
            class="doughnut-chart--medium__left-wrap"
          >
            <div
              class="doughnut-chart--medium__left-wrap__loader colour-uniprot-blue"
              style="transform: rotate(0deg);"
            />
          </div>
          <div
            class="doughnut-chart--medium__right-wrap"
          >
            <div
              class="doughnut-chart--medium__right-wrap__loader colour-uniprot-blue"
              style="transform: rotate(72deg);"
            />
          </div>
          <div
            class="doughnut-chart--medium__inner-circle"
          >
            <span>
              20%
            </span>
          </div>
        </div>
      </div>
    </div>
  </div>
</DocumentFragment>
`;
