// Jest Snapshot v1, https://goo.gl/fbAQLP

exports[`VariationView component it renders without crashing 1`] = `<DocumentFragment />`;
