// Jest Snapshot v1, https://goo.gl/fbAQLP

exports[`HomePage component should render 1`] = `
<section
  data-layout="home-page"
  id="layout"
>
  <section
    id="layout-content"
  >
    <div
      className="block block--1-col"
    >
      <div
        className="advanced-search"
      >
        <div>
          <label
            htmlFor="namespace-select"
          >
            Searching in
            <select
              id="namespace-select"
            >
              <option>
                UniProtKB
              </option>
            </select>
          </label>
        </div>
        <div
          className="advanced-search__field"
        >
          <select
            className="advanced-search__logic"
            onChange={[Function]}
            value="AND"
          >
            <option
              value="AND"
            >
              AND
            </option>
            <option
              value="OR"
            >
              OR
            </option>
            <option
              value="NOT"
            >
              NOT
            </option>
          </select>
          <div
            className="dropdown-container"
          >
            <button
              className="button dropdown"
              onClick={[Function]}
              type="button"
            >
              Select
            </button>
            <div
              className="dropdown-menu"
            >
              <ul
                className=""
              />
            </div>
          </div>
          <div
            className="advanced-search__inputs"
          >
            <label
              htmlFor="input_All"
            >
              Any
              <input
                id="input_All"
                onChange={[Function]}
                placeholder="a4_human, P05067, cdc7 human"
                type="text"
                value=""
              />
            </label>
          </div>
          <button
            className="button-remove"
            onClick={[Function]}
            type="button"
          >
            Remove
          </button>
        </div>
        <div
          className="advanced-search__field"
        >
          <select
            className="advanced-search__logic"
            onChange={[Function]}
            value="AND"
          >
            <option
              value="AND"
            >
              AND
            </option>
            <option
              value="OR"
            >
              OR
            </option>
            <option
              value="NOT"
            >
              NOT
            </option>
          </select>
          <div
            className="dropdown-container"
          >
            <button
              className="button dropdown"
              onClick={[Function]}
              type="button"
            >
              Select
            </button>
            <div
              className="dropdown-menu"
            >
              <ul
                className=""
              />
            </div>
          </div>
          <div
            className="advanced-search__inputs"
          >
            <label
              htmlFor="input_All"
            >
              Any
              <input
                id="input_All"
                onChange={[Function]}
                placeholder="a4_human, P05067, cdc7 human"
                type="text"
                value=""
              />
            </label>
          </div>
          <button
            className="button-remove"
            onClick={[Function]}
            type="button"
          >
            Remove
          </button>
        </div>
        <div
          className="advanced-search__field"
        >
          <select
            className="advanced-search__logic"
            onChange={[Function]}
            value="AND"
          >
            <option
              value="AND"
            >
              AND
            </option>
            <option
              value="OR"
            >
              OR
            </option>
            <option
              value="NOT"
            >
              NOT
            </option>
          </select>
          <div
            className="dropdown-container"
          >
            <button
              className="button dropdown"
              onClick={[Function]}
              type="button"
            >
              Select
            </button>
            <div
              className="dropdown-menu"
            >
              <ul
                className=""
              />
            </div>
          </div>
          <div
            className="advanced-search__inputs"
          >
            <label
              htmlFor="input_All"
            >
              Any
              <input
                id="input_All"
                onChange={[Function]}
                placeholder="a4_human, P05067, cdc7 human"
                type="text"
                value=""
              />
            </label>
          </div>
          <button
            className="button-remove"
            onClick={[Function]}
            type="button"
          >
            Remove
          </button>
        </div>
        <div
          className="advanced-search__field"
        >
          <select
            className="advanced-search__logic"
            onChange={[Function]}
            value="AND"
          >
            <option
              value="AND"
            >
              AND
            </option>
            <option
              value="OR"
            >
              OR
            </option>
            <option
              value="NOT"
            >
              NOT
            </option>
          </select>
          <div
            className="dropdown-container"
          >
            <button
              className="button dropdown"
              onClick={[Function]}
              type="button"
            >
              Select
            </button>
            <div
              className="dropdown-menu"
            >
              <ul
                className=""
              />
            </div>
          </div>
          <div
            className="advanced-search__inputs"
          >
            <label
              htmlFor="input_All"
            >
              Any
              <input
                id="input_All"
                onChange={[Function]}
                placeholder="a4_human, P05067, cdc7 human"
                type="text"
                value=""
              />
            </label>
          </div>
          <button
            className="button-remove"
            onClick={[Function]}
            type="button"
          >
            Remove
          </button>
        </div>
        <hr />
        <div>
          <button
            className="button"
            id="add-field"
            onClick={[Function]}
            type="button"
          >
            Add Field
          </button>
          <button
            className="button"
            id="submit-query"
            onClick={[Function]}
            type="button"
          >
            Search
          </button>
        </div>
      </div>
    </div>
    <div
      className="block block--4-col"
    >
      <div
        className="tile"
      >
        <h3
          className="tile__header"
        >
          UniProtKB
        </h3>
        <p
          className="tile__content"
        >
          This is a short description of what the resource is/provides.
        </p>
      </div>
      <div
        className="tile tile-proteomes"
      >
        <h3
          className="tile__header"
        >
          Proteomes
        </h3>
        <p
          className="tile__content"
        >
          Sets of proteins for reference and other species of interest.
        </p>
      </div>
      <div
        className="tile tile-uniref"
      >
        <h3
          className="tile__header"
        >
          UniRef
        </h3>
        <p
          className="tile__content"
        >
          Clusters of protein sequences at 100%, 90% & 50% similarity
        </p>
      </div>
      <div
        className="tile tile-uniparc"
      >
        <h3
          className="tile__header"
        >
          UniParc
        </h3>
        <p
          className="tile__content"
        >
          Non-redundant archive of protein sequences publicly available (UniProt, RefSeq, Ensembl,...)
        </p>
      </div>
    </div>
  </section>
</section>
`;
