// Jest Snapshot v1, https://goo.gl/fbAQLP

exports[`SimpleView component should render 1`] = `
"<div>
  blah
</div>"
`;
