// Jest Snapshot v1, https://goo.gl/fbAQLP

exports[`AdvancedSearch component should render 1`] = `
<div
  className="advanced-search"
>
  <div>
    <label
      htmlFor="namespace-select"
    >
      Searching in
      <select
        id="namespace-select"
      >
        <option>
          UniProtKB
        </option>
      </select>
    </label>
  </div>
  <div
    className="advanced-search__field"
  >
    <select
      className="advanced-search__logic"
      onChange={[Function]}
      value="AND"
    >
      <option
        value="AND"
      >
        AND
      </option>
      <option
        value="OR"
      >
        OR
      </option>
      <option
        value="NOT"
      >
        NOT
      </option>
    </select>
    <div
      className="dropdown-container"
    >
      <button
        className="button dropdown"
        onClick={[Function]}
        type="button"
      >
        Select
      </button>
      <div
        className="dropdown-menu"
      >
        <div
          className="dropdown-container"
        >
          <form
            onSubmit={[Function]}
          >
            <input
              onChange={[Function]}
              onKeyDown={[Function]}
              placeholder="Search for field"
              type="text"
              value=""
            />
          </form>
          <div
            className="autocomplete-menu"
          >
            <div
              className="dropdown-menu__panel"
            />
          </div>
        </div>
        <div
          className="dropdown-menu__panel"
        >
          <ul
            className=""
          />
        </div>
      </div>
    </div>
    <div
      className="advanced-search__inputs"
    >
      <label
        htmlFor="input_All"
      >
        Any
        <input
          id="input_All"
          onChange={[Function]}
          placeholder="a4_human, P05067, cdc7 human"
          type="text"
        />
      </label>
    </div>
    <button
      className="button-remove"
      onClick={[Function]}
      type="button"
    >
      Remove
    </button>
  </div>
  <div
    className="advanced-search__field"
  >
    <select
      className="advanced-search__logic"
      onChange={[Function]}
      value="AND"
    >
      <option
        value="AND"
      >
        AND
      </option>
      <option
        value="OR"
      >
        OR
      </option>
      <option
        value="NOT"
      >
        NOT
      </option>
    </select>
    <div
      className="dropdown-container"
    >
      <button
        className="button dropdown"
        onClick={[Function]}
        type="button"
      >
        Select
      </button>
      <div
        className="dropdown-menu"
      >
        <div
          className="dropdown-container"
        >
          <form
            onSubmit={[Function]}
          >
            <input
              onChange={[Function]}
              onKeyDown={[Function]}
              placeholder="Search for field"
              type="text"
              value=""
            />
          </form>
          <div
            className="autocomplete-menu"
          >
            <div
              className="dropdown-menu__panel"
            />
          </div>
        </div>
        <div
          className="dropdown-menu__panel"
        >
          <ul
            className=""
          />
        </div>
      </div>
    </div>
    <div
      className="advanced-search__inputs"
    >
      <label
        htmlFor="input_All"
      >
        Any
        <input
          id="input_All"
          onChange={[Function]}
          placeholder="a4_human, P05067, cdc7 human"
          type="text"
        />
      </label>
    </div>
    <button
      className="button-remove"
      onClick={[Function]}
      type="button"
    >
      Remove
    </button>
  </div>
  <div
    className="advanced-search__field"
  >
    <select
      className="advanced-search__logic"
      onChange={[Function]}
      value="AND"
    >
      <option
        value="AND"
      >
        AND
      </option>
      <option
        value="OR"
      >
        OR
      </option>
      <option
        value="NOT"
      >
        NOT
      </option>
    </select>
    <div
      className="dropdown-container"
    >
      <button
        className="button dropdown"
        onClick={[Function]}
        type="button"
      >
        Select
      </button>
      <div
        className="dropdown-menu"
      >
        <div
          className="dropdown-container"
        >
          <form
            onSubmit={[Function]}
          >
            <input
              onChange={[Function]}
              onKeyDown={[Function]}
              placeholder="Search for field"
              type="text"
              value=""
            />
          </form>
          <div
            className="autocomplete-menu"
          >
            <div
              className="dropdown-menu__panel"
            />
          </div>
        </div>
        <div
          className="dropdown-menu__panel"
        >
          <ul
            className=""
          />
        </div>
      </div>
    </div>
    <div
      className="advanced-search__inputs"
    >
      <label
        htmlFor="input_All"
      >
        Any
        <input
          id="input_All"
          onChange={[Function]}
          placeholder="a4_human, P05067, cdc7 human"
          type="text"
        />
      </label>
    </div>
    <button
      className="button-remove"
      onClick={[Function]}
      type="button"
    >
      Remove
    </button>
  </div>
  <div
    className="advanced-search__field"
  >
    <select
      className="advanced-search__logic"
      onChange={[Function]}
      value="AND"
    >
      <option
        value="AND"
      >
        AND
      </option>
      <option
        value="OR"
      >
        OR
      </option>
      <option
        value="NOT"
      >
        NOT
      </option>
    </select>
    <div
      className="dropdown-container"
    >
      <button
        className="button dropdown"
        onClick={[Function]}
        type="button"
      >
        Select
      </button>
      <div
        className="dropdown-menu"
      >
        <div
          className="dropdown-container"
        >
          <form
            onSubmit={[Function]}
          >
            <input
              onChange={[Function]}
              onKeyDown={[Function]}
              placeholder="Search for field"
              type="text"
              value=""
            />
          </form>
          <div
            className="autocomplete-menu"
          >
            <div
              className="dropdown-menu__panel"
            />
          </div>
        </div>
        <div
          className="dropdown-menu__panel"
        >
          <ul
            className=""
          />
        </div>
      </div>
    </div>
    <div
      className="advanced-search__inputs"
    >
      <label
        htmlFor="input_All"
      >
        Any
        <input
          id="input_All"
          onChange={[Function]}
          placeholder="a4_human, P05067, cdc7 human"
          type="text"
        />
      </label>
    </div>
    <button
      className="button-remove"
      onClick={[Function]}
      type="button"
    >
      Remove
    </button>
  </div>
  <hr />
  <div>
    <button
      className="button"
      id="add-field"
      onClick={[Function]}
      type="button"
    >
      Add Field
    </button>
    <button
      className="button"
      id="submit-query"
      onClick={[Function]}
      type="button"
    >
      Search
    </button>
  </div>
</div>
`;
