// Jest Snapshot v1, https://goo.gl/fbAQLP

exports[`AdvancedSearchField component should render 1`] = `null`;
