// Jest Snapshot v1, https://goo.gl/fbAQLP

exports[`EvidenceField component should render 1`] = `null`;
