// Jest Snapshot v1, https://goo.gl/fbAQLP

exports[`FeaturesView component it renders without crashing 1`] = `
<DocumentFragment>
  <h4>
    Features
  </h4>
  <protvista-manager
    attributes="highlight displaystart displayend"
  >
    <protvista-navigation
      length="10"
    />
    <protvista-track
      layout="non-overlapping"
      length="10"
    />
    <protvista-sequence
      height="20"
      length="10"
      sequence="SAPSQDFMRF"
    />
    <protvista-datatable />
  </protvista-manager>
</DocumentFragment>
`;
