// Jest Snapshot v1, https://goo.gl/fbAQLP

exports[`FreeText component should render free text CC 1`] = `
"<Fragment>
  <p>
    value
    <UniProtEvidence evidence={{...}} />
  </p>
</Fragment>"
`;
