// Jest Snapshot v1, https://goo.gl/fbAQLP

exports[`ProteinNames should render protein_name 1`] = `"<NameView name=\\"rec full Name\\" shortNames={[undefined]} alternativeNames={{...}} />"`;
