// Jest Snapshot v1, https://goo.gl/fbAQLP

exports[`ProteinOverview component should render 1`] = `
"<Component title={{...}}>
  <Component infoData={{...}} />
</Component>"
`;
